Role: QA  
Commit: `7c2e345c385be33087c3925ab4be18d11109a353`  
Task Context: TUI Options 项目覆盖编辑；本轮为完整首轮重试，无 predecessor。  
Reviewed Scope: 已完整读取任务文件、spec，核验 COMMIT TREE；追踪 TUI、Session、配置合并、持久化及相关测试。只读环境未重跑测试；采纳交付记录：1304 pass、0 fail、1 skip、21 packages。`git diff --check`、代码文件行数门通过。

| 行为/质量 | 评估 |
|---|---|
| 架构与路径 | Inferred：保持 TUI 调用 menu、config 调用 internal/fs；安装入口、主 worktree、非 Git 查找及基础路径沿用现有边界。 |
| 稀疏保存与隔离 | Inferred：正常路径按目标保存；旧配置的合并校验存在分歧，见 QA-001。 |
| 继承与恢复 | Inferred：键存在性区分有效；跨规模恢复、失败回滚存在缺陷，见 QA-002、QA-003。 |
| tabs 与交互 | Inferred：切换保留缓冲，真实点击已接入，审核角色重置不新增模型覆盖；字段来源显示未同步，见 QA-004。 |
| 验证质量 | Observed：已有分层测试与三语文案；PTY 窄屏断言重复检查历史输出，见 QA-005。 |

FINDINGS：5 项，均为 medium。

**QA-001 — medium — Inferred，置信度高：保存校验与运行时合并不一致**

[overlay_edit.go:216](/home/dualf/works/kander/worktrees/tui-project-options/internal/config/overlay_edit.go:216) 将已补齐默认值的 `Config` 重新序列化后合并；保存复用该路径。运行时 [loadsave.go:101](/home/dualf/works/kander/worktrees/tui-project-options/internal/config/loadsave.go:101) 合并原始基础 JSON。

合法旧配置若缺少 `tui`，Project 修改主题可成功保存 `{"tui":{"theme":"dark"}}`；随后 `config.Load` 因缺少 `tui.columns` 等字段失败。缺少 `rules` 的旧配置也可能在只修改一个开关后，使其他开关从界面显示的开启变为运行时关闭。

最小修复：保留基础原始键存在性，让预览、保存、运行时复用同一合并校验；禁止发布运行时无法读取的覆盖。用缺少可选 section 的临时配置验证保存后重读。

**QA-002 — medium — Inferred，置信度高：恢复一个规模会删除另一规模的审核策略**

[session_overlay.go:154](/home/dualf/works/kander/worktrees/tui-project-options/internal/menu/session_overlay.go:154) 对旧版扁平 `review_stages` 直接删除角色键。

例如覆盖为 `{"review_stages":{"PM":"required"}}`，基础策略为 `auto`。仅恢复 large 的 PM 后，small 的显式 `required` 也消失，违反“不影响其他字段”。

最小修复：先将编辑缓冲中的旧格式展开为两规模，再仅删除选中规模的键；CAS baseline 保留原始格式。断言另一规模保存、重读后仍为 `required`。

**QA-003 — medium — Inferred，置信度高：合并失败后仍保留部分状态变更**

[session_overlay.go:113](/home/dualf/works/kander/worktrees/tui-project-options/internal/menu/session_overlay.go:113) 在验证前修改 `Target`；同文件第154–160行在验证前删除覆盖键。`rebuildOverlayConfig` 失败时均不回滚。

例如基础 `git=false/task_groups=false`，Project 覆盖两项为 `true`；恢复 `git` 会校验失败，但覆盖键已经删除，界面有效配置仍保留旧值，后续保存失败。另一个可达路径是 Global 修改后与 Project 形成非法组合：切 tab 报错，却留下 `Target=overlay`、`Config` 仍指向 Global 缓冲的混合状态。

最小修复：先构造候选目标、覆盖与有效配置，验证成功后统一替换。Session 测试断言失败前后目标、配置、覆盖及 dirty 状态一致。

**QA-004 — medium — Inferred，置信度高：新增覆盖后仍显示继承，恢复入口未出现**

[options_inherit.go:16](/home/dualf/works/kander/worktrees/tui-project-options/internal/tui/options_inherit.go:16) 的继承标题与恢复控件仅在建表时计算；[options_form.go:662](/home/dualf/works/kander/worktrees/tui-project-options/internal/tui/options_form.go:662) 修改 launcher 后只标脏，不重建。模型、审核策略等路径同样如此。

Project 将继承的 launcher 改为其他值后，当前页面仍显示原“全局：值”，且没有新覆盖的恢复入口，直到重新进入页面。违反编辑后移除继承前缀的明确要求。

最小修复：覆盖存在性变化时刷新标题与恢复控件，并保留焦点、输入位置。用 TUI 事件测试检查修改后的同一页面。

**QA-005 — medium [mechanical] — Observed，置信度高：PTY 窄屏断言未验证 resize 后输出**

[pty_test.go:305](/home/dualf/works/kander/worktrees/tui-project-options/internal/tui/pty_test.go:305) resize 后仍对累计 `session.text()` 搜索文件名；第291行已经检查过包含该文件名的宽屏输出。

即使 resize 后完全不绘制路径，该断言仍能通过，不能支撑窄屏验收。

最小修复：记录 resize 前输出位置，等待 resize 后帧并检查其可见内容；窄屏路径被删除时测试应失败。

NON-BLOCKING: none

```kander-findings
{
  "FINDINGS": [
    {
      "id": "QA-001",
      "tier": "medium",
      "text": "Inferred，置信度高。Project 预览和保存使用补齐默认值后的 Config 合并覆盖，运行时使用原始基础 JSON，违反复用合并校验及保存后有效值一致的要求。合法旧配置缺少 tui 时，仅修改主题即可成功发布 {\"tui\":{\"theme\":\"dark\"}}，随后 config.Load 因缺少 tui.columns 等字段失败；缺少 rules 时，单字段编辑还可能使未编辑开关在运行时关闭。最小修复：保留基础原始键存在性，预览、保存、运行时共用合并校验，禁止发布运行时无法读取的覆盖。以缺少可选 section 的临时配置验证保存后重读。",
      "evidence": "internal/config/overlay_edit.go:212-235 将已验证 Config 序列化后合并；同文件:343-347 保存复用该路径。internal/config/loadsave.go:101-116 使用原始基础 JSON 合并。internal/config/config.go:738-743 允许整个 tui 缺失，但:616-634 要求已存在 tui 内的字段完整；:721-723 与 internal/config/rules.go:68-82 区分缺失 rules 和缺失 rules 子键。"
    },
    {
      "id": "QA-002",
      "tier": "medium",
      "text": "Inferred，置信度高。恢复旧版扁平 review_stages 中一个规模的角色策略，会同时删除另一规模的显式策略，违反恢复不影响其他字段的要求。例如覆盖 {\"review_stages\":{\"PM\":\"required\"}}、基础为 auto，仅恢复 large PM 后，small PM 也回到 auto。最小修复：先展开编辑缓冲为两规模格式，再删除选中规模的键；CAS baseline 保留原始格式。测试保存重读后另一规模仍为 required。",
      "evidence": "internal/menu/session_overlay.go:154-156 删除嵌套键后又直接删除扁平角色键。internal/config/review_stages.go:73-106 定义旧版角色键同时作用于两个规模。internal/tui/options_form.go:590-605 为每个规模分别提供恢复入口。"
    },
    {
      "id": "QA-003",
      "tier": "medium",
      "text": "Inferred，置信度高。overlay 合并失败没有回滚之前提交的目标或覆盖变更，破坏编辑状态一致性。基础 git=false/task_groups=false、Project 两项均覆盖 true 时，恢复 git 报错却已删除其覆盖，界面仍显示旧有效值，后续保存失败。Global 编辑与 Project 形成非法组合后切 tab，也会留下 Target=overlay 而 Config 仍指向 Global 缓冲的混合状态。最小修复：候选目标、覆盖、有效配置先验证，成功后统一替换；Session 测试断言失败前后目标、配置、覆盖和 dirty 状态一致。",
      "evidence": "internal/menu/session_overlay.go:109-115 在重建前设置 Target；:129-133 重建失败保持旧 Config；:150-160 在验证前删除覆盖并设置 OverlayDirty。internal/tui/options_tabs.go:52-54 仅报告错误、不恢复目标；internal/tui/options_inherit.go:47-49 仅报告恢复错误。internal/config/rules.go:49-50 禁止 task_groups=true/git=false。"
    },
    {
      "id": "QA-004",
      "tier": "medium",
      "text": "Inferred，置信度高。Project 字段首次建立覆盖后，当前表单的继承标题和恢复控件没有同步。将继承的 launcher 改为其他值后，页面仍显示原来的“全局：值”，新覆盖的恢复入口也不出现，直到重新进入页面；模型和审核策略等路径同样受影响。违反修改字段后移除继承前缀的要求。最小修复：覆盖存在性变化时刷新标题及恢复控件，保留焦点和输入位置；用 TUI 事件测试检查编辑后的同一页面。",
      "evidence": "internal/tui/options_inherit.go:16-35 在建表时一次性计算标题和恢复控件。internal/tui/options_form.go:662-665 的 launcher、:689-692 的审核策略、:705-710 的模型修改仅写值和标脏，不请求刷新；:638-646 的语言字段及:735-758 的数值偏好也没有对应来源刷新。"
    },
    {
      "id": "QA-005",
      "tier": "medium",
      "mechanical": "redundant-test",
      "text": "Observed，置信度高。PTY 窄屏断言重复检查累计历史输出，没有验证 resize 后的行为。宽屏已输出覆盖文件名，即使 resize 后完全丢失路径，测试仍通过，无法支撑窄屏验收。最小修复：记录 resize 前输出位置，等待 resize 后帧并检查其可见内容，使窄屏路径丢失能够触发失败。",
      "evidence": "internal/tui/pty_test.go:291-292 已检查宽屏输出中的覆盖路径；:305-315 resize 后继续对累计 session.text() 搜索同一文件名。session.text 的实现位于同文件:100-104，返回完整累计输出。"
    }
  ],
  "NON_BLOCKING": []
}
```

已尝试删除任务文件；只读文件系统拒绝，文件遗留不影响审核结果。
