Role: QA  
Commit: `bce1ad374757cbf18db674d05e56974c6de68b81`  
Task Context: Options 重读配置及 rebase 冲突修复重审。  
Reviewed Scope: `fd24781a..bce1ad37` 的 11 个变更文件，及配置合并、session 构建、异步交付、表单渲染与保存消费者。工作树干净；`git diff --check` 通过。受只读限制，未运行测试，运行结果为 Unverifiable。任务文件删除已尝试，因只读文件系统失败。

| 行为／质量 | 结论 |
|---|---|
| 模块职责与保存隔离 | Observed：TUI 单向复用 menu/config；编辑值来自 scope，保存沿用作用域写入路径。 |
| 完整配置门槛、错误清理 | Observed：保留 `Load(false)`；错误交付清空 session。额外合并校验存在 QA-001。 |
| 重开、放弃编辑、过期结果 | Observed：重新构建 session；序号保护结果赋值。生产构建副作用存在 QA-002。 |
| 语言与界面预览 | Inferred：welcome 判断及未编辑时保持看板值正确；语言一致性存在 QA-002、QA-003。 |
| 测试与文件规模 | Observed：错误断言匹配 en/zh/ja 目录文案；变更代码文件均未超过 1000 行。 |

FINDINGS

**QA-001 — medium — Inferred，高置信度：额外校验改变 overlay 合并语义，拒绝合法旧配置。**

证据：`internal/tui/options_panel.go:127–137` 将已补默认值的 `existing` 传给 `ApplyOverlay`；`internal/config/overlay.go:195–211` 序列化后合并。正常加载则合并原始对象（`internal/config/loadsave.go:101–116`）。

触发：合法旧 scope 缺少整个 `rules`，overlay 为 `{"rules":{"git":false}}`。正常加载按缺失键关闭规则，因此通过；额外校验却保留 scope 默认的 `task_groups=true`，触发依赖错误。默认与依赖证据：`internal/config/config.go:720–725`、`internal/config/rules.go:33–38,55–56,74–82`。

影响：配置可正常加载，Options 却只显示 `loadErr`。最小修复：使用捕获的 `scopeRaw` 按现有原始对象合并语义校验。最低成本回归：临时旧配置加上述 overlay，断言 `Load(false)` 与 Options 均成功。

**QA-002 — medium — Inferred，高置信度：生产 session 构建绕过语言快照与过期保护。**

证据：`internal/tui/options_panel.go:140–151` 捕获语言后调用生产 `menu.NewSession`；后者在探测之后重新执行 `ConfiguredScopeLanguage()`，并调用 `BindEffectiveLanguage()` 修改全局语言（`internal/menu/options.go:82,153–166`）。序号检查直到 `internal/tui/options_panel.go:200–218` 才发生。

触发：探测期间 scope 语言从 `ja` 改成 `en`，表单 session 读取新值，面板却绑定捕获的旧值。若旧加载晚于新面板完成，旧构建也能在结果被丢弃前重新绑定磁盘语言，覆盖新面板的语言选择。

影响：同次打开的表单与语言来源不一致；过期加载仍影响当前界面。新增替身跳过生产逻辑（`internal/tui/options_test.go:97–103`），无法验证此边界。

最小修复：提供基于捕获快照、无全局语言副作用的 session 构建路径；仅在接受当前结果后绑定语言。回归保留生产构建逻辑，仅控制探测暂停，断言 session 语言及过期完成后的全局语言。

**QA-003 — medium — Inferred，高置信度：绑定新语言后未刷新 Options 使用的翻译缓存。**

证据：`internal/tui/options_panel.go:215–230` 绑定后直接创建表单，没有更新 `App.Context`。Options 摘要和主题选项仍读取旧缓存（`internal/tui/options_form.go:281,389`）；缓存生成于 `internal/tui/context.go:53–57`。

触发：英文启动，磁盘语言或 overlay 改为 `ja`，重新打开 Options。

影响：标题与提示变成日文，主题摘要和选项仍显示 `auto/light/dark`，表单语言不一致。最小修复：接受新语言后、构建表单前刷新翻译上下文。回归断言重开后的主题摘要及选项文案。

NON-BLOCKING: none

```kander-findings
{
  "FINDINGS": [
    {
      "id": "QA-001",
      "tier": "medium",
      "text": "Inferred，高置信度：Options 对已补默认值的 Config 再做 overlay 合并，改变原始对象合并语义。合法旧 scope 缺少整个 rules，overlay 为 {\"rules\":{\"git\":false}} 时，Load(false) 成功，但额外校验保留默认 task_groups=true，错误阻止 Options 打开。最小修复：使用捕获的 scopeRaw 按现有原始对象合并语义校验；增加上述旧配置回归。",
      "evidence": "internal/tui/options_panel.go:127–137 将 existing 传给 ApplyOverlay；internal/config/overlay.go:195–211 序列化已补默认值的 Config 后合并；internal/config/loadsave.go:101–116 正常加载合并原始对象；internal/config/config.go:720–725 和 internal/config/rules.go:33–38,55–56,74–82 证明缺少整个 rules 与缺少其内部键的默认行为不同，并触发 task_groups/git 依赖错误。"
    },
    {
      "id": "QA-002",
      "tier": "medium",
      "text": "Inferred，高置信度：生产 NewSession 在探测后重新读取 scope 语言并修改全局语言，绕过 Options 捕获快照及结果序号保护。探测期间修改语言可使 session 表单与捕获的界面语言不一致；过期构建仍能在结果丢弃前覆盖当前语言。最小修复：提供基于捕获快照且无全局语言副作用的 session 构建路径，仅在接受当前结果后绑定语言。回归应保留生产构建逻辑，仅控制探测暂停，验证快照与过期完成后的语言。现有替身跳过了该生产行为。",
      "evidence": "internal/tui/options_panel.go:140–151 捕获语言后调用 newOptionsSession；internal/menu/options.go:82,153–166 在探测后执行 ConfiguredScopeLanguage 和 BindEffectiveLanguage；internal/tui/options_panel.go:200–218 在上述副作用之后才检查序号并绑定结果；internal/tui/options_test.go:97–103 使用 NewSessionForTest，绕过生产语言逻辑。"
    },
    {
      "id": "QA-003",
      "tier": "medium",
      "text": "Inferred，高置信度：重读后绑定新语言，却没有刷新 Options 使用的 App.Context 翻译缓存。英文启动后将磁盘语言或 overlay 改为 ja 并重开，标题和提示使用日文，主题摘要及选项仍显示 auto/light/dark。最小修复：接受新语言后、构建表单前刷新翻译上下文；增加重开后的主题摘要和选项文案断言。",
      "evidence": "internal/tui/options_panel.go:215–230 绑定新语言后直接构建表单，未刷新 App.Context；internal/tui/options_form.go:281,389 仍通过 Context.themeLabel 生成摘要和主题选项；internal/tui/context.go:53–57 在上下文创建时缓存主题翻译。"
    }
  ],
  "NON_BLOCKING": []
}
```
