Role: QA  
Commit: `46ed8a32fd8f579ef9e16c9fd103b5fea200bc72`  
Task Context: Options 每次重读作用域和 overlay，保持编辑、保存隔离。  
Reviewed Scope: 完整读取任务文件与 spec；核查 `5169b6a3..46ed8a32` 的四个文件及必要调用链。工作树干净，`git diff --check` 通过。环境只读，未重跑测试；采纳目标提交 `go test ./internal/tui ./internal/config -count=1` 通过记录。任务文件删除已尝试，因只读失败。

以下路径相对仓库根目录；结论基于源码核查，均为 **Observed**。

| 行为／质量 | 结论与精确证据 |
|---|---|
| QA-001 旧结果覆盖新面板 | **closed**：`internal/tui/options_panel.go:114–119,198–200` 保留请求序号与接收校验。 |
| QA-002 缺省语言回退 | **closed**：`internal/config/language.go:75–87` 保留显式键及初始化判断；`internal/tui/options_panel.go:212–215` 保留空绑定回退。 |
| QA-003 保存及字段重建遗漏 | **closed**：`internal/tui/options_form.go:727–764` 按最近表单值判断变化，独立触发重建、保存。 |
| QA-004 语言混用两次读取 | **closed**：`internal/tui/options_panel.go:124,137–148` 从首次读取的 `scopeRaw` 捕获语言；`:212–215` 直接绑定结果。`internal/config/loadsave.go:57–93,134–139` 返回同次读取的配置与原始对象。 |
| PM-001 表单取旧 App 值 | **closed**：`internal/tui/options_form.go:266–285,334–342` 从 session 初始化摘要及表单。 |
| PM-002 改回初值失效 | **closed**：`internal/tui/options_form.go:727–735,761–764` 比较最近应用值；`internal/tui/options_test.go:289–304` 验证反复切换及持久化。 |
| PM-003 无效 overlay 未报错 | **closed**：`internal/tui/options_panel.go:128–135,201–206` 保留校验、错误传播及旧 session 清除。 |
| PM-004 旧结果测试无辨别力 | **closed**：`internal/tui/options_reload_test.go:236–261` 改盘前捕获旧结果，逆序投递并检查 session 身份。 |
| PM-005 初始化状态被绕过 | **closed**：`internal/tui/options_panel.go:138` 保留 `WelcomeComplete` 门槛；回归测试见 `internal/tui/options_reload_test.go:423–443`。 |
| PM-006 首次作用域快照未复用 | **closed**：`internal/tui/options_panel.go:141` 使用 `ExplicitConfigLanguage(scopeRaw)`，删除该处 `ConfiguredScopeLanguage()` 重读。 |
| 架构与保存隔离 | TUI 单向调用 menu/config；`LoadScope` 仍委托既有读取、校验实现。编辑缓冲接收未合并配置，见 `internal/tui/options_panel.go:133,144`；保存路径保留于 `:570,585–592`。 |
| 测试性与大小 | 新测试在 session 构建阶段损坏临时作用域，断言语言仍为首次快照的 `ja`，见 `internal/tui/options_reload_test.go:398–420`。临时配置隔离见 `internal/tui/options_test.go:59–68`。四个变更文件分别为 210、384、598、469 行，均未超限。 |

FINDINGS

未发现修复范围引入、恶化或掩盖的新 gate finding。QA-004 已完整闭合。

NON-BLOCKING: none

```kander-findings
{"FINDINGS":[],"NON_BLOCKING":[]}
```
