Role: QA  
Commit: `26b42cf434d55c534998c4ea73db36cd69a2d497`  
Task Context: 每次打开 Options 重新读取作用域及项目配置，保持编辑、保存隔离。  
Reviewed Scope: 核对全部变更及相关配置解析、语言绑定、异步加载、关闭、保存和测试路径。8 个变更文件与提交一致，均未超过 1000 行。环境只读，未重跑测试；采纳任务文件记录的该提交 TUI、config、全量测试通过证据。任务文件删除已尝试，因只读失败。

| 行为／质量 | 结论与证据 |
|---|---|
| 重开读盘、丢弃未保存编辑 | Observed：每次排队加载；临时目录测试覆盖 |
| overlay 增删改、保存隔离 | Observed：读取内容；编辑 session 保留作用域值；测试检查磁盘结果 |
| 读取失败、取消后重开 | Inferred：顺序失败处理正确；并发返回存在 QA-001 |
| 有效语言、兼容性 | Inferred：显式语言可刷新；缺省语言存在 QA-002 |
| 架构与维护性 | Observed：依赖仍为 TUI 调用 menu/config；未改变文件安全边界 |

FINDINGS

**QA-001 — medium — Inferred，置信度高：过期加载结果可覆盖新面板。**

[options_panel.go:107](/home/dualf/works/kander/worktrees/20260909-options-reload-config/internal/tui/options_panel.go:107) 排队的加载结果没有面板身份；[options_panel.go:165](/home/dualf/works/kander/worktrees/20260909-options-reload-config/internal/tui/options_panel.go:165) 将任何 `sessionResult` 应用到当前面板。加载中允许 Esc 关闭，关闭只清除 `Options`（同文件 209–210、294–298 行）；已运行任务继续返回（`internal/tui/program.go:155–158`）。

触发：已有 session，重开后代理探测尚未结束；关闭面板，外部修改配置，再次打开。新加载先完成、旧加载后完成时，旧 session、语言及 overlay 提示覆盖新结果。重开仍显示过期配置，正在编辑的内容也可能被替换。本次取消缓存复用，使该路径扩展到每次重开。

最小修复：加载请求和结果携带面板身份或递增序号，仅接收当前请求。用受控返回顺序测试“两次打开，旧结果最后返回”，断言 session、语言、提示均保持新值。

**QA-002 — medium — Inferred，置信度高：缺少显式语言时破坏环境回退。**

[options_panel.go:180](/home/dualf/works/kander/worktrees/20260909-options-reload-config/internal/tui/options_panel.go:180) 无条件绑定验证后的 `merged.Language`。但 [config.go:744](/home/dualf/works/kander/worktrees/20260909-options-reload-config/internal/config/config.go:744) 将缺失的 `language` 补为 `"en"`；既有有效语言契约要求缺失语言或未完成初始化时回退环境（`internal/config/language.go:69–75、187–194`）。

触发：有效旧配置省略 `language`，无语言 overlay，环境为 `ja_JP.UTF-8`，未传 `--lang`。打开前界面为日语；`NewSession` 仍按环境选择日语（`internal/menu/options.go:153–165`），随后新绑定强制切成英语。表单语言值与实际文案不一致。

最小修复：保留同次读盘中语言是否显式存在及初始化状态，沿用 `explicitConfigLanguage` 规则；无有效显式语言时清除绑定。临时目录测试省略 `language`，断言打开前后环境回退一致，并保留 `--lang` 优先级。

NON-BLOCKING: none

```kander-findings
{
  "FINDINGS": [
    {
      "id": "QA-001",
      "tier": "medium",
      "text": "Inferred，置信度高：异步 sessionResult 没有绑定发起加载的面板。已有 session 后重开 Options，加载中关闭、修改磁盘配置并再次打开，新加载先完成而旧加载后完成时，旧结果会覆盖当前 session、语言和 overlay 提示，也可能替换正在编辑的内容，违反每次重开使用本次读盘结果的要求。本次每次重开均异步加载，使此前缓存 session 的重开路径也受到影响。最小修复：请求和结果携带面板身份或递增序号，丢弃非当前请求结果；以受控完成顺序验证旧结果不能覆盖新面板。",
      "evidence": "internal/tui/options_panel.go:83–93 每次新建面板并加载；107–110、136–140 请求及结果不含身份；165–193 将结果直接应用到当前 Options；209–210、294–298 允许加载中关闭且不使任务结果失效。internal/tui/program.go:155–158 已取出的任务独立执行并返回，构成旧任务晚于新任务完成的可达路径。"
    },
    {
      "id": "QA-002",
      "tier": "medium",
      "text": "Inferred，置信度高：新加载路径无条件绑定验证后的 merged.Language，将缺失 language 时补出的 en 当成显式配置。有效旧配置省略 language、无语言 overlay、环境为 ja_JP.UTF-8 且未传 --lang 时，打开 Options 会从日语切成英语，而 session 的语言字段仍按环境选择日语，破坏既有回退契约。最小修复：保留同次读取的显式语言存在性及初始化状态，沿用 explicitConfigLanguage 规则；没有有效显式语言时清除绑定。以临时目录测试缺省 language 的环境回退及 --lang 优先级。",
      "evidence": "internal/tui/options_panel.go:126–133 使用 LoadScope 返回的验证结果，180–181 无条件 BindConfigLanguage。internal/config/config.go:744–748 为缺失 language 补 en。internal/config/language.go:69–75 对未初始化或缺失语言返回空，187–194 据此清除绑定，174–184 随后回退环境。internal/menu/options.go:153–165 在缺少显式作用域语言时选择环境语言并执行既有有效语言绑定，随后被本次新增绑定覆盖。"
    }
  ],
  "NON_BLOCKING": []
}
```
