Role: QA  
Commit: `1e4886a30d2d047175bebb18f71947795f42304d`  
Task Context: 事务日志分区；增量复核 QA-001 告警展示修复。  
Reviewed Scope: 完整读取任务文件、规格及 FIX RANGE；确认工作树干净、提交一致。仅审核 `c2e7118..1e4886a`，未重审既有实现。环境只读，未重跑测试；采信该提交已记录的全量测试、race 与 Windows 交叉编译通过结果。

| 行为／质量 | 结论与证据 |
|---|---|
| 告警收集、并发 | Observed：`internal/board/journal_warnings.go:16、29` 加锁、去重、返回副本，无外部回调；nil 收集器保留 stderr。 |
| 启动、回写、回滚 | Observed：`internal/board/snapshot.go:55、179` 保留收集器；`internal/board/task_start.go:132` 覆盖成功确认；`internal/launch/start.go:25、171` 返回结构化告警。 |
| TUI 展示 | Observed：`internal/tui/app.go:195、223、245` 展示刷新及详情告警；`internal/tui/start.go:35、123、143` 覆盖 backlog 迁移、结果和确认框。 |
| 提交结果 | Observed：`internal/board/journal_layout.go:176` 清理失败仍仅告警，提交返回成功。 |
| 回归验证 | Observed：`internal/launch/journal_warnings_test.go:14` 断言预览、启动成功及回滚无终端输出，告警与状态正确；`internal/tui/journal_warnings_test.go:30` 覆盖刷新、详情、backlog 迁移及告警可见性。 |
| 架构、维护性 | Observed：board 收集、launch 编排、TUI 展示，依赖方向保持；变更 Go 文件最多 835 行；`git diff --check` 通过。 |
| 平台边界 | Observed：交付记录包含 Windows 交叉编译通过；Unverifiable：Windows 原生运行行为。 |

QA-001 — **closed**。Observed：原直接输出点已改用操作级收集器，读取、迁移、元数据回写、成功确认及失败回滚均传递至调用方展示。上述集成断言覆盖原触发条件；未发现修复范围新增门禁缺陷。

FINDINGS: none

NON-BLOCKING: none

任务文件删除已尝试；只读文件系统拒绝，遗留不影响审核结果。

```kander-findings
{"FINDINGS":[],"NON_BLOCKING":[]}
```
