Role: QA  
Commit: `0b304a8399cdbc8db2c005e390afd3f6127532af`  
Task Context: 三卡合并范围 `ec6fdb4..0b304a8`；订阅派回事实、证据绑定、编排恢复。  
Reviewed Scope: 已完整读取任务文件与契约，核对 63 个变更路径均属于 COMMIT TREE、工作区内容与 target 一致。追踪 board、liveness、launch、notify、review 及相关测试、协议、三语消息。只读环境未运行需写入的 Go 测试；保留调用方交付验证记录作为证据。`git diff --check` 通过；无新增文件尺寸门禁违规。原生 Windows、真实终端及 Agent 验证仍为已披露缺口。

| 行为/质量 | 判断与验证层 |
|---|---|
| 协调快照、同 ID 回执、快速往返 | Observed：共享锁读取卡片与 dispatch；已有隔离测试断言回执及 revision。 |
| 独立确认期限、accepted 不设完成期限、订阅只读 | Observed：实现与定向测试支持；期限文档存在 QA-03。 |
| fix 原件、作者引用、move、旧通知与 sync | Observed：绑定与传输前复核已接入；历史闭批消费存在 QA-02。 |
| 编排 CAS、epoch、重复观察、崩溃恢复 | Observed：事务与测试支持；首次启动承接存在 QA-01。 |
| wrap-up 隔离、权限限制、审核与 Git 消费 | Observed：分层校验及隔离测试覆盖；未发现其他门禁问题。 |

FINDINGS

**QA-01 — high — Inferred；置信度：高。首次启动组员后，检查点永久拒绝对账。**

`ClaimCoordinator` 保存所有成员当时的 `planCycle`，再次 claim 跳过已有成员；对账直接拒绝周期变化。`planCycle` 包含 `STARTED_AT`，首次 `kander start` 必然填写该字段。

具体场景：组内 A 已运行、B 等待前置；按完整成员集合建立检查点。B 就绪并首次启动后，全组 reconcile 返回周期冲突。重新 claim 仍保留旧周期，无法恢复进度。

证据：[周期拒绝](/home/dualf/works/kander/worktrees/20260908-bindings-recovery-group/internal/board/coordinator_reconcile.go:15)、[claim 保留旧成员](/home/dualf/works/kander/worktrees/20260908-bindings-recovery-group/internal/board/coordinator.go:220)、[周期定义](/home/dualf/works/kander/worktrees/20260908-bindings-recovery-group/internal/board/review_plan.go:52)、[首次启动填写时间](/home/dualf/works/kander/worktrees/20260908-bindings-recovery-group/internal/launch/metadata.go:49)。

最小修复：明确保存“尚未启动”，在 CAS 下核验首次启动并绑定新周期；已有执行周期仍禁止静默替换。增加双卡隔离测试：claim 包含 todo 成员，首次启动后对账成功；后续非法周期变化仍拒绝。

**QA-02 — high — Inferred；置信度：高。fix 批次闭合后，已完成回执无法恢复对账。**

completed fix 虽走历史校验模式，内部仍无条件调用 `reviewRunForMutation`；后者发现 closure 即返回 `"batch already closed"`。历史模式只放宽 target 和后继轮次检查，没有避开闭批修改限制。

具体场景：fix 完成，PM/QA 复审通过并闭批；尚未创建 wrap-up 时编排重启。同一 completed dispatch、交付与原件全部有效，reconcile 仍失败，阻断闭批后的正常收尾恢复。

证据：[历史对账入口](/home/dualf/works/kander/worktrees/20260908-bindings-recovery-group/internal/board/coordinator_reconcile.go:86)、[误用修改校验](/home/dualf/works/kander/worktrees/20260908-bindings-recovery-group/internal/board/dispatch_evidence.go:106)、[闭批拒绝](/home/dualf/works/kander/worktrees/20260908-bindings-recovery-group/internal/board/review_disposition.go:107)。现有回归仅推进 batch target，未闭批：[测试边界](/home/dualf/works/kander/worktrees/20260908-bindings-recovery-group/internal/board/coordinator_regression_test.go:130)。

最小修复：历史消费使用只读原件校验，保留身份、完整发布、lineage、assignment 和作者校验；创建及发送仍拒绝闭批。补充真实闭批后重启、重复对账及原件损坏拒绝测试。

**QA-03 — medium [mechanical] — Observed；置信度：高。订阅协议误称 confirm_by 始终来自原始意图。**

中文订阅文档与英文协议规定输出原始 `confirm_by`，按原期限判断 overdue；实际专用 wrap-up grant 使用新 epoch 的独立接受期限。

具体场景：原意图已过期，取得新 grant。事件正确输出新期限且未 overdue，按文档比对原 intent 的消费者却会判为期限被重置或应已超时。

证据：[中文字段说明](/home/dualf/works/kander/worktrees/20260908-bindings-recovery-group/docs/subscription-facts.md:43)、[中文调度说明](/home/dualf/works/kander/worktrees/20260908-bindings-recovery-group/docs/subscription-facts.md:55)、[英文字段说明](/home/dualf/works/kander/worktrees/20260908-bindings-recovery-group/rules/KANDER-KANBAN-RULES.md:312)、[英文 overdue 定义](/home/dualf/works/kander/worktrees/20260908-bindings-recovery-group/rules/KANDER-KANBAN-RULES.md:314)、[实际期限选择](/home/dualf/works/kander/worktrees/20260908-bindings-recovery-group/internal/board/dispatch_wrapup.go:85)。

最小修复：统一说明 `created_at` 保留原意图时间，`confirm_by` 表示当前 epoch 的有效接受期限；专用 grant 使用自身期限，同 epoch 重试与重启不续期。

NON-BLOCKING: none

任务文件已尝试删除；只读文件系统拒绝，文件保留。

```kander-findings
{
  "FINDINGS": [
    {
      "id": "QA-01",
      "tier": "high",
      "text": "Inferred；置信度高。完整成员集合中的 todo 卡首次 start 后，STARTED_AT 改变 planCycle，reconcile 永久拒绝该成员；再次 claim 保留旧 Cycle，导致串行启动后全组进度无法恢复。最小修复：明确保存未启动状态，在 CAS 下核验首次启动并绑定执行周期，继续拒绝已有周期的静默替换；补充含 todo 成员的双卡首次启动对账及非法周期变化测试。",
      "evidence": "internal/board/coordinator.go:220-228 保存周期且再次 claim 跳过已有成员；internal/board/coordinator_reconcile.go:15-18 无条件拒绝周期变化；internal/board/review_plan.go:52-53 将 STARTED_AT 纳入周期；internal/launch/metadata.go:46-57 首次启动填写 STARTED_AT，internal/launch/commands.go:122,176 发布该元数据；rules/KANDER-TASK-GROUP-RULES.md:203-204 要求完整成员集合及持续对账。"
    },
    {
      "id": "QA-02",
      "tier": "high",
      "text": "Inferred；置信度高。completed fix 的历史对账仍调用禁止闭批修改的 reviewRunForMutation。fix 完成且复审闭批后、创建 wrap-up 前重启，完整原件与同轮回执仍触发 batch already closed，阻断正常收尾恢复。最小修复：历史消费使用只读原件校验并保留身份、完整发布、lineage、assignment、作者验证，创建及发送继续拒绝闭批；补充闭批后重启、重复对账和原件损坏测试。",
      "evidence": "internal/board/coordinator_reconcile.go:86-90 对 completed fix 调用历史模式；internal/board/dispatch_evidence.go:86-106 仅放宽 target 校验，仍无条件调用 reviewRunForMutation；internal/board/review_disposition.go:107-110 遇 closure 返回 batch already closed；internal/board/coordinator_regression_test.go:130-140 现有用例只推进 target，未覆盖闭批。"
    },
    {
      "id": "QA-03",
      "tier": "medium",
      "mechanical": "documentation",
      "text": "Observed；置信度高。订阅中文文档与英文协议将 confirm_by 定义为原始意图期限，但 wrap-up-only grant 实际输出新 epoch 的独立接受期限。原意图过期后取得新 grant，按文档实现的消费者会误判 overdue 或期限重置。最小修复：说明 created_at 保留原意图时间，confirm_by 为当前 epoch 的有效期限；专用 grant 使用自身期限，同 epoch 重试及重启不续期。",
      "evidence": "docs/subscription-facts.md:43-46,55-56 与 rules/KANDER-KANBAN-RULES.md:312,314 声称原始确认期限；internal/board/dispatch_snapshot.go:59-62 使用 dispatchAcceptBefore；internal/board/dispatch_wrapup.go:85-89 优先返回 WrapUpAuthority.ConfirmBy；docs/durable-dispatch.md:97 已正确说明该例外，订阅文档尚未同步。"
    }
  ],
  "NON_BLOCKING": []
}
```
