Role: PM  
Commit: `0b304a8399cdbc8db2c005e390afd3f6127532af`  
Task Context: 已完整读取指定 `prompt.txt`、`task-spec.md`；覆盖三卡验收及五项重点。  
Reviewed Scope: `ec6fdb4..0b304a8` 引入的订阅事实、派回绑定、编排恢复，以及相关事务、审核/Git 消费链、测试、文档和三语消息。

结论：发现 **2 项 high、1 项 medium [mechanical]**，本轮验收不通过。

需求分析计数：Complete 33、Partial 2、Missing 0、Contradicted 1、Unverifiable 3。只读源码审核；未重跑测试、race、build/vet。三卡执行验证分别标记 Unverifiable，已披露的实机环境缺口不单独设门禁。

**PM-01 — high — Inferred，置信度高：闭批后无法恢复已完成的 fix 派回。**

契约要求编排重启消费 completed、闭批及审核原件。实际路径：fix 完成、增量审核通过并闭批，尚未创建 wrap-up 时重启；`coordinator reconcile` 进入历史 fix 校验，但仍调用 `reviewRunForMutation`，因 `"batch already closed"` 拒绝有效事实。即使重复对账先前已记录的交付，也会失败。

证据：`internal/board/coordinator_reconcile.go:86-90`、`internal/board/dispatch_evidence.go:106-108`、`internal/board/review_disposition.go:107-110`。

最小修复：历史 completed 校验使用只读原件验证，允许合法闭批；保留身份、轮次、发布完整性及作者原件检查。发送路径继续拒绝闭批。

**PM-02 — high — Inferred，置信度高：完整成员检查点无法承接尚未启动成员的首次启动。**

契约要求保存必要阶段并恢复组内进展。发布协议要求 claim 完整成员集合，同时按依赖顺序启动后续成员。首次 claim 保存 todo 成员空 `STARTED_AT` 对应的 cycle；正常 `start` 填入时间后，reconcile 无条件拒绝 cycle 变化。重新 claim 又保留旧成员记录，没有受控推进入口。一张后续成员正常启动即可阻断整组对账。

证据：`rules/KANDER-TASK-GROUP-RULES.md:186,203`；`internal/board/coordinator.go:220-228,293-295`；`internal/board/coordinator_reconcile.go:15-18`；`internal/board/review_plan.go:52-53`；`internal/launch/metadata.go:46-57`。

最小修复：通过 CAS 支持未启动成员首次建立执行周期，验证持久启动事实并保留历史；继续拒绝未经授权的既有周期替换。

**PM-03 — medium [mechanical] — Observed，置信度高：订阅确认期限文档与实现不一致。**

中文订阅文档和英文发布协议将摘要 `confirm_by` 描述为原意图期限。实际授予 wrap-up-only 新 epoch 后，摘要输出专用 grant 的新期限。依照文档对比 intent 与 snapshot，会把合法恢复误判为期限被续期。

证据：`docs/subscription-facts.md:43-46,55`、`rules/KANDER-KANBAN-RULES.md:312,314`；实现为 `internal/board/dispatch_snapshot.go:61`、`internal/board/dispatch_wrapup.go:85-89`。`docs/durable-dispatch.md:97` 已正确描述该例外。

最小修复：统一说明摘要使用当前 epoch 的接受期限；普通 epoch 使用 intent，wrap-up-only 使用专用 grant，同 epoch 重试不续期。

NON-BLOCKING: none

任务文件保留：当前只读沙箱禁止删除。

```kander-findings
{
  "FINDINGS": [
    {
      "id": "PM-01",
      "tier": "high",
      "text": "Inferred，置信度高。已完成 fix 所属批次闭合后、尚未创建 wrap-up 时，编排重启或重复 reconcile 会因 batch already closed 拒绝有效历史交付，违反 completed 与闭批原件恢复契约。最小修复：历史 completed 路径使用允许合法闭批的只读原件校验，保留身份、轮次、完整发布及作者原件检查；发送路径继续拒绝闭批。",
      "evidence": "internal/board/coordinator_reconcile.go:86-90 对 completed fix 调用历史校验；internal/board/dispatch_evidence.go:106-108 仍无条件调用 reviewRunForMutation；internal/board/review_disposition.go:107-110 在存在 closure 时返回 batch already closed。historical 标志只绕过当前 target 和后继轮限制，未绕过该写入门禁。契约：coordinator-recovery ACCEPTANCE_CRITERIA 第4、6、7项。"
    },
    {
      "id": "PM-02",
      "tier": "high",
      "text": "Inferred，置信度高。完整成员 claim 包含尚未启动的 todo 卡时，保存空 STARTED_AT 对应的 cycle；后续正常 start 改变 cycle，整组 reconcile 永久冲突。重新 claim 保留旧成员，没有受控推进入口，阻断按依赖顺序启动成员后的阶段恢复。最小修复：通过 CAS 支持未启动成员首次建立执行周期，验证持久启动事实并保留历史，继续拒绝未经授权的既有周期替换。",
      "evidence": "internal/board/coordinator.go:220-228 首次保存 cycle，重新 claim 跳过已有成员；:293-295 要求完整成员；internal/board/coordinator_reconcile.go:15-18 拒绝所有 cycle 变化；internal/board/review_plan.go:52-53 以 task ID 和 STARTED_AT 计算 cycle；internal/launch/metadata.go:46-57 正常 start 填入 STARTED_AT。rules/KANDER-TASK-GROUP-RULES.md:186,203 同时要求顺序启动新就绪成员及完整成员 claim。契约：coordinator-recovery GOAL、ACCEPTANCE_CRITERIA 第2、4、6项。"
    },
    {
      "id": "PM-03",
      "tier": "medium",
      "mechanical": "documentation",
      "text": "Observed，置信度高。订阅中文文档和英文协议把摘要 confirm_by 描述为原意图期限，但 wrap-up-only 新 epoch 实际使用专用 grant 的新接受期限。消费者依文档比对 intent 与 snapshot 会误判合法恢复为续期。最小修复：统一描述当前 epoch 的实际接受期限，明确普通 intent 与专用 grant 的来源，以及同 epoch 重试不续期。",
      "evidence": "docs/subscription-facts.md:43-46,55 和 rules/KANDER-KANBAN-RULES.md:312,314 声称使用原确认期限；internal/board/dispatch_snapshot.go:61 调用 dispatchAcceptBefore，internal/board/dispatch_wrapup.go:85-89 在专用授权存在时返回 WrapUpAuthority.ConfirmBy。docs/durable-dispatch.md:97 已正确说明此行为。契约要求中文文档、英文发布协议与实现一致。"
    }
  ],
  "NON_BLOCKING": []
}
```
